>/// Order management for the storefront.
#^^^^^^^^^^^^^^^^^^^^^^^^^^^^^^^^^^^^^^^^ source.schemata comment.line.documentation.schemata
>schema shop.orders @sql(schema: "shop")
#^^^^^^ source.schemata keyword.control.schemata
#      ^ source.schemata
#       ^^^^^^^^^^^ source.schemata entity.name.namespace.schemata
#                  ^ source.schemata
#                   ^ source.schemata punctuation.definition.annotation.schemata
#                    ^^^ source.schemata storage.type.annotation.schemata
#                       ^ source.schemata punctuation.section.parens.begin.schemata
#                        ^^^^^^ source.schemata variable.parameter.schemata
#                              ^ source.schemata punctuation.separator.key-value.schemata
#                               ^ source.schemata
#                                ^ source.schemata string.quoted.double.schemata
#                                 ^^^^ source.schemata string.quoted.double.schemata
#                                     ^ source.schemata string.quoted.double.schemata
#                                      ^ source.schemata punctuation.section.parens.end.schemata
>
>import shop.customers as cust
#^^^^^^ source.schemata keyword.control.schemata
#      ^ source.schemata
#       ^^^^^^^^^^^^^^ source.schemata entity.name.namespace.schemata
#                     ^ source.schemata
#                      ^^ source.schemata keyword.control.schemata
#                        ^ source.schemata
#                         ^^^^ source.schemata entity.name.namespace.schemata
>
>alias Email = string { max 254, match "^[^@]+@[^@]+$" }
#^^^^^ source.schemata keyword.declaration.schemata
#     ^ source.schemata
#      ^^^^^ source.schemata entity.name.type.schemata
#           ^ source.schemata
#            ^ source.schemata keyword.operator.assignment.schemata
#             ^ source.schemata
#              ^^^^^^ source.schemata support.type.builtin.schemata
#                    ^ source.schemata
#                     ^ source.schemata punctuation.section.braces.begin.schemata
#                      ^ source.schemata
#                       ^^^ source.schemata storage.modifier.option.schemata
#                          ^ source.schemata
#                           ^^^ source.schemata constant.numeric.schemata
#                              ^ source.schemata punctuation.separator.comma.schemata
#                               ^ source.schemata
#                                ^^^^^ source.schemata storage.modifier.option.schemata
#                                     ^ source.schemata
#                                      ^ source.schemata string.quoted.double.schemata
#                                       ^^^^^^^^^^^^^ source.schemata string.quoted.double.schemata
#                                                    ^ source.schemata string.quoted.double.schemata
#                                                     ^ source.schemata
#                                                      ^ source.schemata punctuation.section.braces.end.schemata
>
>alias Money = decimal(19, 4)
#^^^^^ source.schemata keyword.declaration.schemata
#     ^ source.schemata
#      ^^^^^ source.schemata entity.name.type.schemata
#           ^ source.schemata
#            ^ source.schemata keyword.operator.assignment.schemata
#             ^ source.schemata
#              ^^^^^^^ source.schemata support.type.builtin.schemata
#                     ^ source.schemata
#                      ^^ source.schemata constant.numeric.schemata
#                        ^^ source.schemata
#                          ^ source.schemata constant.numeric.schemata
#                           ^^ source.schemata
>
>enum Status { pending paid, shipped cancelled }
#^^^^ source.schemata keyword.declaration.schemata
#    ^ source.schemata
#     ^^^^^^ source.schemata entity.name.type.schemata
#           ^ source.schemata
#            ^ source.schemata punctuation.section.block.begin.schemata
#             ^ source.schemata
#              ^^^^^^^ source.schemata variable.other.enummember.schemata
#                     ^ source.schemata
#                      ^^^^ source.schemata variable.other.enummember.schemata
#                          ^ source.schemata punctuation.separator.comma.schemata
#                           ^ source.schemata
#                            ^^^^^^^ source.schemata variable.other.enummember.schemata
#                                   ^ source.schemata
#                                    ^^^^^^^^^ source.schemata variable.other.enummember.schemata
#                                             ^ source.schemata
#                                              ^ source.schemata punctuation.section.block.end.schemata
>
>model Card { last4 string { max 4 }  brand string { max 32 } }
#^^^^^ source.schemata keyword.declaration.schemata
#     ^ source.schemata
#      ^^^^ source.schemata entity.name.type.schemata
#          ^ source.schemata
#           ^ source.schemata punctuation.section.block.begin.schemata
#            ^ source.schemata
#             ^^^^^ source.schemata variable.other.member.schemata
#                  ^ source.schemata
#                   ^^^^^^ source.schemata support.type.builtin.schemata
#                         ^ source.schemata
#                          ^ source.schemata punctuation.section.braces.begin.schemata
#                           ^ source.schemata
#                            ^^^ source.schemata storage.modifier.option.schemata
#                               ^ source.schemata
#                                ^ source.schemata constant.numeric.schemata
#                                 ^ source.schemata
#                                  ^ source.schemata punctuation.section.braces.end.schemata
#                                   ^^ source.schemata
#                                     ^^^^^ source.schemata variable.other.member.schemata
#                                          ^ source.schemata
#                                           ^^^^^^ source.schemata support.type.builtin.schemata
#                                                 ^ source.schemata
#                                                  ^ source.schemata punctuation.section.braces.begin.schemata
#                                                   ^ source.schemata
#                                                    ^^^ source.schemata storage.modifier.option.schemata
#                                                       ^ source.schemata
#                                                        ^^ source.schemata constant.numeric.schemata
#                                                          ^ source.schemata
#                                                           ^ source.schemata punctuation.section.braces.end.schemata
#                                                            ^ source.schemata
#                                                             ^ source.schemata punctuation.section.block.end.schemata
>
>model Cash {}
#^^^^^ source.schemata keyword.declaration.schemata
#     ^ source.schemata
#      ^^^^ source.schemata entity.name.type.schemata
#          ^ source.schemata
#           ^ source.schemata punctuation.section.block.begin.schemata
#            ^ source.schemata punctuation.section.block.end.schemata
>
>union Payment = Card | #2 string { max 34 } | Cash
#^^^^^ source.schemata keyword.declaration.schemata
#     ^ source.schemata
#      ^^^^^^^ source.schemata entity.name.type.schemata
#             ^ source.schemata
#              ^ source.schemata keyword.operator.assignment.schemata
#               ^ source.schemata
#                ^^^^ source.schemata entity.name.type.schemata
#                    ^ source.schemata
#                     ^ source.schemata keyword.operator.union.schemata
#                      ^ source.schemata
#                       ^^ source.schemata constant.numeric.ordinal.schemata
#                         ^ source.schemata
#                          ^^^^^^ source.schemata support.type.builtin.schemata
#                                ^ source.schemata
#                                 ^ source.schemata punctuation.section.braces.begin.schemata
#                                  ^ source.schemata
#                                   ^^^ source.schemata storage.modifier.option.schemata
#                                      ^ source.schemata
#                                       ^^ source.schemata constant.numeric.schemata
#                                         ^ source.schemata
#                                          ^ source.schemata punctuation.section.braces.end.schemata
#                                           ^ source.schemata
#                                            ^ source.schemata keyword.operator.union.schemata
#                                             ^ source.schemata
#                                              ^^^^ source.schemata entity.name.type.schemata
>
>/// A customer's order. One row per checkout.
#^^^^^^^^^^^^^^^^^^^^^^^^^^^^^^^^^^^^^^^^^^^^^ source.schemata comment.line.documentation.schemata
>model Order {
#^^^^^ source.schemata keyword.declaration.schemata
#     ^ source.schemata
#      ^^^^^ source.schemata entity.name.type.schemata
#           ^ source.schemata
#            ^ source.schemata punctuation.section.block.begin.schemata
>  #1  id        uuid     { id }
#^^ source.schemata
#  ^^ source.schemata constant.numeric.ordinal.schemata
#    ^^ source.schemata
#      ^^ source.schemata variable.other.member.schemata
#        ^^^^^^^^ source.schemata
#                ^^^^ source.schemata support.type.builtin.schemata
#                    ^^^^^ source.schemata
#                         ^ source.schemata punctuation.section.braces.begin.schemata
#                          ^ source.schemata
#                           ^^ source.schemata storage.modifier.option.schemata
#                             ^ source.schemata
#                              ^ source.schemata punctuation.section.braces.end.schemata
>  #2  customer  cust.Customer @relation(onDelete: cascade)
#^^ source.schemata
#  ^^ source.schemata constant.numeric.ordinal.schemata
#    ^^ source.schemata
#      ^^^^^^^^ source.schemata variable.other.member.schemata
#              ^^ source.schemata
#                ^^^^ source.schemata entity.name.type.schemata
#                    ^ source.schemata
#                     ^^^^^^^^ source.schemata entity.name.type.schemata
#                             ^ source.schemata
#                              ^ source.schemata punctuation.definition.annotation.schemata
#                               ^^^^^^^^ source.schemata storage.type.annotation.schemata
#                                       ^ source.schemata punctuation.section.parens.begin.schemata
#                                        ^^^^^^^^ source.schemata variable.parameter.schemata
#                                                ^ source.schemata punctuation.separator.key-value.schemata
#                                                 ^ source.schemata
#                                                  ^^^^^^^ source.schemata variable.other.schemata
#                                                         ^ source.schemata punctuation.section.parens.end.schemata
>  #3  status    Status   = pending
#^^ source.schemata
#  ^^ source.schemata constant.numeric.ordinal.schemata
#    ^^ source.schemata
#      ^^^^^^ source.schemata variable.other.member.schemata
#            ^^^^ source.schemata
#                ^^^^^^ source.schemata entity.name.type.schemata
#                      ^^^ source.schemata
#                         ^ source.schemata keyword.operator.assignment.schemata
#                          ^ source.schemata
#                           ^^^^^^^ source.schemata variable.other.constant.schemata
>  #4  lines     Line[]   { minItems 1, maxItems 10 }
#^^ source.schemata
#  ^^ source.schemata constant.numeric.ordinal.schemata
#    ^^ source.schemata
#      ^^^^^ source.schemata variable.other.member.schemata
#           ^^^^^ source.schemata
#                ^^^^ source.schemata entity.name.type.schemata
#                    ^^ source.schemata punctuation.definition.list.schemata
#                      ^^^ source.schemata
#                         ^ source.schemata punctuation.section.braces.begin.schemata
#                          ^ source.schemata
#                           ^^^^^^^^ source.schemata storage.modifier.option.schemata
#                                   ^ source.schemata
#                                    ^ source.schemata constant.numeric.schemata
#                                     ^ source.schemata punctuation.separator.comma.schemata
#                                      ^ source.schemata
#                                       ^^^^^^^^ source.schemata storage.modifier.option.schemata
#                                               ^ source.schemata
#                                                ^^ source.schemata constant.numeric.schemata
#                                                  ^ source.schemata
#                                                   ^ source.schemata punctuation.section.braces.end.schemata
>  #5  total     Money
#^^ source.schemata
#  ^^ source.schemata constant.numeric.ordinal.schemata
#    ^^ source.schemata
#      ^^^^^ source.schemata variable.other.member.schemata
#           ^^^^^ source.schemata
#                ^^^^^ source.schemata entity.name.type.schemata
>  #6  shipping  Address  { embed }
#^^ source.schemata
#  ^^ source.schemata constant.numeric.ordinal.schemata
#    ^^ source.schemata
#      ^^^^^^^^ source.schemata variable.other.member.schemata
#              ^^ source.schemata
#                ^^^^^^^ source.schemata entity.name.type.schemata
#                       ^^ source.schemata
#                         ^ source.schemata punctuation.section.braces.begin.schemata
#                          ^ source.schemata
#                           ^^^^^ source.schemata storage.modifier.option.schemata
#                                ^ source.schemata
#                                 ^ source.schemata punctuation.section.braces.end.schemata
>  #7  note      string?  { max 500 }
#^^ source.schemata
#  ^^ source.schemata constant.numeric.ordinal.schemata
#    ^^ source.schemata
#      ^^^^ source.schemata variable.other.member.schemata
#          ^^^^^^ source.schemata
#                ^^^^^^ source.schemata support.type.builtin.schemata
#                      ^ source.schemata keyword.operator.optional.schemata
#                       ^^ source.schemata
#                         ^ source.schemata punctuation.section.braces.begin.schemata
#                          ^ source.schemata
#                           ^^^ source.schemata storage.modifier.option.schemata
#                              ^ source.schemata
#                               ^^^ source.schemata constant.numeric.schemata
#                                  ^ source.schemata
#                                   ^ source.schemata punctuation.section.braces.end.schemata
>  @deprecated("use placed_at")
#^^ source.schemata
#  ^ source.schemata punctuation.definition.annotation.schemata
#   ^^^^^^^^^^ source.schemata storage.type.annotation.schemata
#             ^ source.schemata punctuation.section.parens.begin.schemata
#              ^ source.schemata string.quoted.double.schemata
#               ^^^^^^^^^^^^^ source.schemata string.quoted.double.schemata
#                            ^ source.schemata string.quoted.double.schemata
#                             ^ source.schemata punctuation.section.parens.end.schemata
>  #8  created   instant?
#^^ source.schemata
#  ^^ source.schemata constant.numeric.ordinal.schemata
#    ^^ source.schemata
#      ^^^^^^^ source.schemata variable.other.member.schemata
#             ^^^ source.schemata
#                ^^^^^^^ source.schemata support.type.builtin.schemata
#                       ^ source.schemata keyword.operator.optional.schemata
>  #9  holes     string?[]?
#^^ source.schemata
#  ^^ source.schemata constant.numeric.ordinal.schemata
#    ^^ source.schemata
#      ^^^^^ source.schemata variable.other.member.schemata
#           ^^^^^ source.schemata
#                ^^^^^^ source.schemata support.type.builtin.schemata
#                      ^ source.schemata keyword.operator.optional.schemata
#                       ^^ source.schemata punctuation.definition.list.schemata
#                         ^ source.schemata keyword.operator.optional.schemata
>  #10 counts    map<string { max 20 }, int32?>
#^^ source.schemata
#  ^^^ source.schemata constant.numeric.ordinal.schemata
#     ^ source.schemata
#      ^^^^^^ source.schemata variable.other.member.schemata
#            ^^^^ source.schemata
#                ^^^ source.schemata support.type.builtin.schemata
#                   ^ source.schemata punctuation.definition.typeparameters.begin.schemata
#                    ^^^^^^ source.schemata support.type.builtin.schemata
#                          ^ source.schemata
#                           ^ source.schemata punctuation.section.braces.begin.schemata
#                            ^ source.schemata
#                             ^^^ source.schemata storage.modifier.option.schemata
#                                ^ source.schemata
#                                 ^^ source.schemata constant.numeric.schemata
#                                   ^ source.schemata
#                                    ^ source.schemata punctuation.section.braces.end.schemata
#                                     ^^ source.schemata
#                                       ^^^^^ source.schemata support.type.builtin.schemata
#                                            ^ source.schemata keyword.operator.optional.schemata
#                                             ^ source.schemata punctuation.definition.typeparameters.end.schemata
>  reserved #11, "legacy_ref"
#^^ source.schemata
#  ^^^^^^^^ source.schemata keyword.control.schemata
#          ^ source.schemata
#           ^^^ source.schemata constant.numeric.ordinal.schemata
#              ^^ source.schemata
#                ^ source.schemata string.quoted.double.schemata
#                 ^^^^^^^^^^ source.schemata string.quoted.double.schemata
#                           ^ source.schemata string.quoted.double.schemata
>
>  /// One purchasable item.
#^^ source.schemata
#  ^^^^^^^^^^^^^^^^^^^^^^^^^ source.schemata comment.line.documentation.schemata
>  model Line { sku string { max 64 }  quantity int32 { min 1 }  price Money }
#^^ source.schemata
#  ^^^^^ source.schemata keyword.declaration.schemata
#       ^ source.schemata
#        ^^^^ source.schemata entity.name.type.schemata
#            ^ source.schemata
#             ^ source.schemata punctuation.section.block.begin.schemata
#              ^ source.schemata
#               ^^^ source.schemata variable.other.member.schemata
#                  ^ source.schemata
#                   ^^^^^^ source.schemata support.type.builtin.schemata
#                         ^ source.schemata
#                          ^ source.schemata punctuation.section.braces.begin.schemata
#                           ^ source.schemata
#                            ^^^ source.schemata storage.modifier.option.schemata
#                               ^ source.schemata
#                                ^^ source.schemata constant.numeric.schemata
#                                  ^ source.schemata
#                                   ^ source.schemata punctuation.section.braces.end.schemata
#                                    ^^ source.schemata
#                                      ^^^^^^^^ source.schemata variable.other.member.schemata
#                                              ^ source.schemata
#                                               ^^^^^ source.schemata support.type.builtin.schemata
#                                                    ^ source.schemata
#                                                     ^ source.schemata punctuation.section.braces.begin.schemata
#                                                      ^ source.schemata
#                                                       ^^^ source.schemata storage.modifier.option.schemata
#                                                          ^ source.schemata
#                                                           ^ source.schemata constant.numeric.schemata
#                                                            ^ source.schemata
#                                                             ^ source.schemata punctuation.section.braces.end.schemata
#                                                              ^^ source.schemata
#                                                                ^^^^^ source.schemata variable.other.member.schemata
#                                                                     ^ source.schemata
#                                                                      ^^^^^ source.schemata entity.name.type.schemata
#                                                                           ^ source.schemata
#                                                                            ^ source.schemata punctuation.section.block.end.schemata
>
>  model Address {
#^^ source.schemata
#  ^^^^^ source.schemata keyword.declaration.schemata
#       ^ source.schemata
#        ^^^^^^^ source.schemata entity.name.type.schemata
#               ^ source.schemata
#                ^ source.schemata punctuation.section.block.begin.schemata
>    street  string { max 200 }
#^^^^ source.schemata
#    ^^^^^^ source.schemata variable.other.member.schemata
#          ^^ source.schemata
#            ^^^^^^ source.schemata support.type.builtin.schemata
#                  ^ source.schemata
#                   ^ source.schemata punctuation.section.braces.begin.schemata
#                    ^ source.schemata
#                     ^^^ source.schemata storage.modifier.option.schemata
#                        ^ source.schemata
#                         ^^^ source.schemata constant.numeric.schemata
#                            ^ source.schemata
#                             ^ source.schemata punctuation.section.braces.end.schemata
>    country string { min 2, max 2 }
#^^^^ source.schemata
#    ^^^^^^^ source.schemata variable.other.member.schemata
#           ^ source.schemata
#            ^^^^^^ source.schemata support.type.builtin.schemata
#                  ^ source.schemata
#                   ^ source.schemata punctuation.section.braces.begin.schemata
#                    ^ source.schemata
#                     ^^^ source.schemata storage.modifier.option.schemata
#                        ^ source.schemata
#                         ^ source.schemata constant.numeric.schemata
#                          ^ source.schemata punctuation.separator.comma.schemata
#                           ^ source.schemata
#                            ^^^ source.schemata storage.modifier.option.schemata
#                               ^ source.schemata
#                                ^ source.schemata constant.numeric.schemata
#                                 ^ source.schemata
#                                  ^ source.schemata punctuation.section.braces.end.schemata
>  }
#^^ source.schemata
#  ^ source.schemata punctuation.section.block.end.schemata
>
>  @@index(customer, status)
#^^ source.schemata
#  ^^ source.schemata punctuation.definition.annotation.schemata
#    ^^^^^ source.schemata storage.type.annotation.schemata
#         ^ source.schemata punctuation.section.parens.begin.schemata
#          ^^^^^^^^ source.schemata variable.other.schemata
#                  ^^ source.schemata
#                    ^^^^^^ source.schemata variable.other.schemata
#                          ^ source.schemata punctuation.section.parens.end.schemata
>  @@sql(unique: (customer, note))
#^^ source.schemata
#  ^^ source.schemata punctuation.definition.annotation.schemata
#    ^^^ source.schemata storage.type.annotation.schemata
#       ^ source.schemata punctuation.section.parens.begin.schemata
#        ^^^^^^ source.schemata variable.parameter.schemata
#              ^ source.schemata punctuation.separator.key-value.schemata
#               ^ source.schemata
#                ^ source.schemata
#                 ^^^^^^^^ source.schemata variable.other.schemata
#                         ^^ source.schemata
#                           ^^^^ source.schemata variable.other.schemata
#                               ^ source.schemata
#                                ^ source.schemata punctuation.section.parens.end.schemata
>}
#^ source.schemata punctuation.section.block.end.schemata
>