>/// Order management for the storefront.
#^^^^^^^^^^^^^^^^^^^^^^^^^^^^^^^^^^^^^^^^ source.schemata comment.line.documentation.schemata
>@sql(schema = "shop")
#^ source.schemata punctuation.definition.annotation.schemata
# ^^^ source.schemata storage.type.annotation.schemata
#    ^^^^^^^^^^ source.schemata
#              ^ source.schemata string.quoted.double.schemata
#               ^^^^ source.schemata string.quoted.double.schemata
#                   ^ source.schemata string.quoted.double.schemata
#                    ^^ source.schemata
>namespace shop.orders
#^^^^^^^^^ source.schemata keyword.control.schemata
#         ^^^^^^^^^^^^^ source.schemata
>
>import shop.customers
#^^^^^^ source.schemata keyword.control.schemata
#      ^^^^^^^^^^^^^^^^ source.schemata
>
>alias Email = string(max = 254, pattern = "^[^@]+@[^@]+$")
#^^^^^ source.schemata keyword.declaration.schemata
#     ^ source.schemata
#      ^^^^^ source.schemata entity.name.type.schemata
#           ^^^ source.schemata
#              ^^^^^^ source.schemata support.type.builtin.schemata
#                    ^^^^^^^ source.schemata
#                           ^^^ source.schemata constant.numeric.schemata
#                              ^^^^^^^^^^^^ source.schemata
#                                          ^ source.schemata string.quoted.double.schemata
#                                           ^^^^^^^^^^^^^ source.schemata string.quoted.double.schemata
#                                                        ^ source.schemata string.quoted.double.schemata
#                                                         ^^ source.schemata
>
>alias Money = decimal(19, 4)
#^^^^^ source.schemata keyword.declaration.schemata
#     ^ source.schemata
#      ^^^^^ source.schemata entity.name.type.schemata
#           ^^^ source.schemata
#              ^^^^^^^ source.schemata support.type.builtin.schemata
#                     ^ source.schemata
#                      ^^ source.schemata constant.numeric.schemata
#                        ^^ source.schemata
#                          ^ source.schemata constant.numeric.schemata
#                           ^^ source.schemata
>
>enum Status { #1 pending, #2 paid, #3 shipped, #4 cancelled }
#^^^^ source.schemata keyword.declaration.schemata
#    ^ source.schemata
#     ^^^^^^ source.schemata entity.name.type.schemata
#           ^^^ source.schemata
#              ^^ source.schemata constant.numeric.ordinal.schemata
#                ^^^^^^^^^^ source.schemata
#                          ^^ source.schemata constant.numeric.ordinal.schemata
#                            ^^^^^^^ source.schemata
#                                   ^^ source.schemata constant.numeric.ordinal.schemata
#                                     ^^^^^^^^^^ source.schemata
#                                               ^^ source.schemata constant.numeric.ordinal.schemata
#                                                 ^^^^^^^^^^^^^ source.schemata
>
>record Card { #1 last4: string(max = 4) #2 brand: string(max = 32) }
#^^^^^^ source.schemata keyword.declaration.schemata
#      ^ source.schemata
#       ^^^^ source.schemata entity.name.type.schemata
#           ^^^ source.schemata
#              ^^ source.schemata constant.numeric.ordinal.schemata
#                ^ source.schemata
#                 ^^^^^ source.schemata variable.other.member.schemata
#                      ^ source.schemata punctuation.separator.schemata
#                       ^ source.schemata
#                        ^^^^^^ source.schemata support.type.builtin.schemata
#                              ^^^^^^^ source.schemata
#                                     ^ source.schemata constant.numeric.schemata
#                                      ^^ source.schemata
#                                        ^^ source.schemata constant.numeric.ordinal.schemata
#                                          ^ source.schemata
#                                           ^^^^^ source.schemata variable.other.member.schemata
#                                                ^ source.schemata punctuation.separator.schemata
#                                                 ^ source.schemata
#                                                  ^^^^^^ source.schemata support.type.builtin.schemata
#                                                        ^^^^^^^ source.schemata
#                                                               ^^ source.schemata constant.numeric.schemata
#                                                                 ^^^^ source.schemata
>
>record BankTransfer { #1 iban: string(max = 34) }
#^^^^^^ source.schemata keyword.declaration.schemata
#      ^ source.schemata
#       ^^^^^^^^^^^^ source.schemata entity.name.type.schemata
#                   ^^^ source.schemata
#                      ^^ source.schemata constant.numeric.ordinal.schemata
#                        ^ source.schemata
#                         ^^^^ source.schemata variable.other.member.schemata
#                             ^ source.schemata punctuation.separator.schemata
#                              ^ source.schemata
#                               ^^^^^^ source.schemata support.type.builtin.schemata
#                                     ^^^^^^^ source.schemata
#                                            ^^ source.schemata constant.numeric.schemata
#                                              ^^^^ source.schemata
>
>record Cash {}
#^^^^^^ source.schemata keyword.declaration.schemata
#      ^ source.schemata
#       ^^^^ source.schemata entity.name.type.schemata
#           ^^^^ source.schemata
>
>union Payment = #1 Card | #2 BankTransfer | #3 Cash
#^^^^^ source.schemata keyword.declaration.schemata
#     ^ source.schemata
#      ^^^^^^^ source.schemata entity.name.type.schemata
#             ^^^ source.schemata
#                ^^ source.schemata constant.numeric.ordinal.schemata
#                  ^ source.schemata
#                   ^^^^ source.schemata entity.name.type.schemata
#                       ^^^ source.schemata
#                          ^^ source.schemata constant.numeric.ordinal.schemata
#                            ^ source.schemata
#                             ^^^^^^^^^^^^ source.schemata entity.name.type.schemata
#                                         ^^^ source.schemata
#                                            ^^ source.schemata constant.numeric.ordinal.schemata
#                                              ^ source.schemata
#                                               ^^^^ source.schemata entity.name.type.schemata
>
>/// A customer's order. One row per checkout.
#^^^^^^^^^^^^^^^^^^^^^^^^^^^^^^^^^^^^^^^^^^^^^ source.schemata comment.line.documentation.schemata
>record Order {
#^^^^^^ source.schemata keyword.declaration.schemata
#      ^ source.schemata
#       ^^^^^ source.schemata entity.name.type.schemata
#            ^^^ source.schemata
>  @sql(key) #1  id:        uuid
#^^ source.schemata
#  ^ source.schemata punctuation.definition.annotation.schemata
#   ^^^ source.schemata storage.type.annotation.schemata
#      ^^^^^^ source.schemata
#            ^^ source.schemata constant.numeric.ordinal.schemata
#              ^^ source.schemata
#                ^^ source.schemata variable.other.member.schemata
#                  ^ source.schemata punctuation.separator.schemata
#                   ^^^^^^^^ source.schemata
#                           ^^^^ source.schemata support.type.builtin.schemata
>  #2  customer:  Customer
#^^ source.schemata
#  ^^ source.schemata constant.numeric.ordinal.schemata
#    ^^ source.schemata
#      ^^^^^^^^ source.schemata variable.other.member.schemata
#              ^ source.schemata punctuation.separator.schemata
#               ^^ source.schemata
#                 ^^^^^^^^ source.schemata entity.name.type.schemata
>  #3  status:    Status = pending
#^^ source.schemata
#  ^^ source.schemata constant.numeric.ordinal.schemata
#    ^^ source.schemata
#      ^^^^^^ source.schemata variable.other.member.schemata
#            ^ source.schemata punctuation.separator.schemata
#             ^^^^ source.schemata
#                 ^^^^^^ source.schemata entity.name.type.schemata
#                       ^^^^^^^^^^^ source.schemata
>  #4  lines:     list<Line>(min = 1)
#^^ source.schemata
#  ^^ source.schemata constant.numeric.ordinal.schemata
#    ^^ source.schemata
#      ^^^^^ source.schemata variable.other.member.schemata
#           ^ source.schemata punctuation.separator.schemata
#            ^^^^^ source.schemata
#                 ^^^^ source.schemata support.type.builtin.schemata
#                     ^ source.schemata
#                      ^^^^ source.schemata entity.name.type.schemata
#                          ^^^^^^^^ source.schemata
#                                  ^ source.schemata constant.numeric.schemata
#                                   ^^ source.schemata
>  #5  total:     Money
#^^ source.schemata
#  ^^ source.schemata constant.numeric.ordinal.schemata
#    ^^ source.schemata
#      ^^^^^ source.schemata variable.other.member.schemata
#           ^ source.schemata punctuation.separator.schemata
#            ^^^^^ source.schemata
#                 ^^^^^ source.schemata entity.name.type.schemata
>  #6  payment:   Payment
#^^ source.schemata
#  ^^ source.schemata constant.numeric.ordinal.schemata
#    ^^ source.schemata
#      ^^^^^^^ source.schemata variable.other.member.schemata
#             ^ source.schemata punctuation.separator.schemata
#              ^^^ source.schemata
#                 ^^^^^^^ source.schemata entity.name.type.schemata
>  @sql(strategy = embed) #7  shipping:  Address
#^^ source.schemata
#  ^ source.schemata punctuation.definition.annotation.schemata
#   ^^^ source.schemata storage.type.annotation.schemata
#      ^^^^^^^^^^^^^^^^^^^ source.schemata
#                         ^^ source.schemata constant.numeric.ordinal.schemata
#                           ^^ source.schemata
#                             ^^^^^^^^ source.schemata variable.other.member.schemata
#                                     ^ source.schemata punctuation.separator.schemata
#                                      ^^ source.schemata
#                                        ^^^^^^^ source.schemata entity.name.type.schemata
>  #8  placed_at: instant
#^^ source.schemata
#  ^^ source.schemata constant.numeric.ordinal.schemata
#    ^^ source.schemata
#      ^^^^^^^^^ source.schemata variable.other.member.schemata
#               ^ source.schemata punctuation.separator.schemata
#                ^ source.schemata
#                 ^^^^^^^ source.schemata support.type.builtin.schemata
>  #9  note:      string(max = 500)?
#^^ source.schemata
#  ^^ source.schemata constant.numeric.ordinal.schemata
#    ^^ source.schemata
#      ^^^^ source.schemata variable.other.member.schemata
#          ^ source.schemata punctuation.separator.schemata
#           ^^^^^^ source.schemata
#                 ^^^^^^ source.schemata support.type.builtin.schemata
#                       ^^^^^^^ source.schemata
#                              ^^^ source.schemata constant.numeric.schemata
#                                 ^^^ source.schemata
>  @deprecated("use placed_at") #10 created:   instant?
#^^ source.schemata
#  ^ source.schemata punctuation.definition.annotation.schemata
#   ^^^^^^^^^^ source.schemata storage.type.annotation.schemata
#             ^ source.schemata
#              ^ source.schemata string.quoted.double.schemata
#               ^^^^^^^^^^^^^ source.schemata string.quoted.double.schemata
#                            ^ source.schemata string.quoted.double.schemata
#                             ^^ source.schemata
#                               ^^^ source.schemata constant.numeric.ordinal.schemata
#                                  ^ source.schemata
#                                   ^^^^^^^ source.schemata variable.other.member.schemata
#                                          ^ source.schemata punctuation.separator.schemata
#                                           ^^^ source.schemata
#                                              ^^^^^^^ source.schemata support.type.builtin.schemata
#                                                     ^^ source.schemata
>  reserved #11, "legacy_ref"
#^^ source.schemata
#  ^^^^^^^^ source.schemata keyword.control.schemata
#          ^ source.schemata
#           ^^^ source.schemata constant.numeric.ordinal.schemata
#              ^^ source.schemata
#                ^ source.schemata string.quoted.double.schemata
#                 ^^^^^^^^^^ source.schemata string.quoted.double.schemata
#                           ^ source.schemata string.quoted.double.schemata
>
>  /// One purchasable item.
#^^ source.schemata
#  ^^^^^^^^^^^^^^^^^^^^^^^^^ source.schemata comment.line.documentation.schemata
>  record Line { #1 sku: string(max = 64) #2 quantity: int32(min = 1) #3 price: Money }
#^^ source.schemata
#  ^^^^^^ source.schemata keyword.declaration.schemata
#        ^ source.schemata
#         ^^^^ source.schemata entity.name.type.schemata
#             ^^^ source.schemata
#                ^^ source.schemata constant.numeric.ordinal.schemata
#                  ^ source.schemata
#                   ^^^ source.schemata variable.other.member.schemata
#                      ^ source.schemata punctuation.separator.schemata
#                       ^ source.schemata
#                        ^^^^^^ source.schemata support.type.builtin.schemata
#                              ^^^^^^^ source.schemata
#                                     ^^ source.schemata constant.numeric.schemata
#                                       ^^ source.schemata
#                                         ^^ source.schemata constant.numeric.ordinal.schemata
#                                           ^ source.schemata
#                                            ^^^^^^^^ source.schemata variable.other.member.schemata
#                                                    ^ source.schemata punctuation.separator.schemata
#                                                     ^ source.schemata
#                                                      ^^^^^ source.schemata support.type.builtin.schemata
#                                                           ^^^^^^^ source.schemata
#                                                                  ^ source.schemata constant.numeric.schemata
#                                                                   ^^ source.schemata
#                                                                     ^^ source.schemata constant.numeric.ordinal.schemata
#                                                                       ^ source.schemata
#                                                                        ^^^^^ source.schemata variable.other.member.schemata
#                                                                             ^ source.schemata punctuation.separator.schemata
#                                                                              ^ source.schemata
#                                                                               ^^^^^ source.schemata entity.name.type.schemata
#                                                                                    ^^^ source.schemata
>
>  record Address {
#^^ source.schemata
#  ^^^^^^ source.schemata keyword.declaration.schemata
#        ^ source.schemata
#         ^^^^^^^ source.schemata entity.name.type.schemata
#                ^^^ source.schemata
>    #1 street:  string(max = 200)
#^^^^ source.schemata
#    ^^ source.schemata constant.numeric.ordinal.schemata
#      ^ source.schemata
#       ^^^^^^ source.schemata variable.other.member.schemata
#             ^ source.schemata punctuation.separator.schemata
#              ^^ source.schemata
#                ^^^^^^ source.schemata support.type.builtin.schemata
#                      ^^^^^^^ source.schemata
#                             ^^^ source.schemata constant.numeric.schemata
#                                ^^ source.schemata
>    #2 city:    string(max = 100)
#^^^^ source.schemata
#    ^^ source.schemata constant.numeric.ordinal.schemata
#      ^ source.schemata
#       ^^^^ source.schemata variable.other.member.schemata
#           ^ source.schemata punctuation.separator.schemata
#            ^^^^ source.schemata
#                ^^^^^^ source.schemata support.type.builtin.schemata
#                      ^^^^^^^ source.schemata
#                             ^^^ source.schemata constant.numeric.schemata
#                                ^^ source.schemata
>    #3 country: string(min = 2, max = 2)
#^^^^ source.schemata
#    ^^ source.schemata constant.numeric.ordinal.schemata
#      ^ source.schemata
#       ^^^^^^^ source.schemata variable.other.member.schemata
#              ^ source.schemata punctuation.separator.schemata
#               ^ source.schemata
#                ^^^^^^ source.schemata support.type.builtin.schemata
#                      ^^^^^^^ source.schemata
#                             ^ source.schemata constant.numeric.schemata
#                              ^^^^^^^^ source.schemata
#                                      ^ source.schemata constant.numeric.schemata
#                                       ^^ source.schemata
>  }
#^^^^ source.schemata
>}
#^^ source.schemata
>