>/// Orders and their lines.
#^^^^^^^^^^^^^^^^^^^^^^^^^^^ source.schemata comment.line.documentation.schemata
>namespace shop.orders
#^^^^^^^^^ source.schemata keyword.control.schemata
#         ^^^^^^^^^^^^^ source.schemata
>
>record OrderId { @sql(key) #1 id: uuid }
#^^^^^^ source.schemata keyword.declaration.schemata
#      ^ source.schemata
#       ^^^^^^^ source.schemata entity.name.type.schemata
#              ^^^ source.schemata
#                 ^ source.schemata punctuation.definition.annotation.schemata
#                  ^^^ source.schemata storage.type.annotation.schemata
#                     ^^^^^^ source.schemata
#                           ^^ source.schemata constant.numeric.ordinal.schemata
#                             ^ source.schemata
#                              ^^ source.schemata variable.other.member.schemata
#                                ^ source.schemata punctuation.separator.schemata
#                                 ^ source.schemata
#                                  ^^^^ source.schemata support.type.builtin.schemata
#                                      ^^^ source.schemata
>
>// Outside a service, a verb is an ordinary field name.
#^^^^^^^^^^^^^^^^^^^^^^^^^^^^^^^^^^^^^^^^^^^^^^^^^^^^^^^ source.schemata comment.line.double-slash.schemata
>record Request { #1 get: string #2 post: bool }
#^^^^^^ source.schemata keyword.declaration.schemata
#      ^ source.schemata
#       ^^^^^^^ source.schemata entity.name.type.schemata
#              ^^^ source.schemata
#                 ^^ source.schemata constant.numeric.ordinal.schemata
#                   ^ source.schemata
#                    ^^^ source.schemata variable.other.member.schemata
#                       ^ source.schemata punctuation.separator.schemata
#                        ^ source.schemata
#                         ^^^^^^ source.schemata support.type.builtin.schemata
#                               ^ source.schemata
#                                ^^ source.schemata constant.numeric.ordinal.schemata
#                                  ^ source.schemata
#                                   ^^^^ source.schemata variable.other.member.schemata
#                                       ^ source.schemata punctuation.separator.schemata
#                                        ^ source.schemata
#                                         ^^^^ source.schemata support.type.builtin.schemata
#                                             ^^^ source.schemata
>
>/// Place and read orders.
#^^^^^^^^^^^^^^^^^^^^^^^^^^ source.schemata comment.line.documentation.schemata
>@http(base = "/v1")
#^ source.schemata punctuation.definition.annotation.schemata
# ^^^^ source.schemata storage.type.annotation.schemata
#     ^^^^^^^^ source.schemata
#             ^ source.schemata string.quoted.double.schemata
#              ^^^ source.schemata string.quoted.double.schemata
#                 ^ source.schemata string.quoted.double.schemata
#                  ^^ source.schemata
>service Orders {
#^^^^^^^ source.schemata keyword.declaration.schemata
#       ^ source.schemata
#        ^^^^^^ source.schemata entity.name.type.schemata
#              ^ source.schemata
#               ^^ source.schemata
>  /// Fetch one order.
#^^ source.schemata
#  ^^^^^^^^^^^^^^^^^^^^ source.schemata comment.line.documentation.schemata
>  #1 get(OrderId): Order  get "/orders/{id}"
#^^ source.schemata
#  ^^ source.schemata constant.numeric.ordinal.schemata
#    ^ source.schemata
#     ^^^ source.schemata entity.name.function.schemata
#        ^ source.schemata
#         ^^^^^^^ source.schemata entity.name.type.schemata
#                ^^^ source.schemata
#                   ^^^^^ source.schemata entity.name.type.schemata
#                        ^^ source.schemata
#                          ^^^ source.schemata keyword.other.verb.schemata
#                             ^ source.schemata
#                              ^^^^^^^^^^^^^^ source.schemata string.quoted.double.schemata
>  #2 list(ListOrders): stream Order  get "/orders" // newest first
#^^ source.schemata
#  ^^ source.schemata constant.numeric.ordinal.schemata
#    ^ source.schemata
#     ^^^^ source.schemata entity.name.function.schemata
#         ^ source.schemata
#          ^^^^^^^^^^ source.schemata entity.name.type.schemata
#                    ^^^ source.schemata
#                       ^^^^^^ source.schemata keyword.control.schemata
#                             ^ source.schemata
#                              ^^^^^ source.schemata entity.name.type.schemata
#                                   ^^ source.schemata
#                                     ^^^ source.schemata keyword.other.verb.schemata
#                                        ^ source.schemata
#                                         ^^^^^^^^^ source.schemata string.quoted.double.schemata
#                                                  ^ source.schemata
#                                                   ^^^^^^^^^^^^^^^ source.schemata comment.line.double-slash.schemata
>  #3 place(PlaceOrder): Order  post "/orders"
#^^ source.schemata
#  ^^ source.schemata constant.numeric.ordinal.schemata
#    ^ source.schemata
#     ^^^^^ source.schemata entity.name.function.schemata
#          ^ source.schemata
#           ^^^^^^^^^^ source.schemata entity.name.type.schemata
#                     ^^^ source.schemata
#                        ^^^^^ source.schemata entity.name.type.schemata
#                             ^^ source.schemata
#                               ^^^^ source.schemata keyword.other.verb.schemata
#                                   ^ source.schemata
#                                    ^^^^^^^^^ source.schemata string.quoted.double.schemata
>  #4 cancel(OrderId)  delete "/orders/{id}"
#^^ source.schemata
#  ^^ source.schemata constant.numeric.ordinal.schemata
#    ^ source.schemata
#     ^^^^^^ source.schemata entity.name.function.schemata
#           ^ source.schemata
#            ^^^^^^^ source.schemata entity.name.type.schemata
#                   ^^^ source.schemata
#                      ^^^^^^ source.schemata keyword.other.verb.schemata
#                            ^ source.schemata
#                             ^^^^^^^^^^^^^^ source.schemata string.quoted.double.schemata
>  #5 upload(stream Chunk): Receipt
#^^ source.schemata
#  ^^ source.schemata constant.numeric.ordinal.schemata
#    ^ source.schemata
#     ^^^^^^ source.schemata entity.name.function.schemata
#           ^ source.schemata
#            ^^^^^^ source.schemata keyword.control.schemata
#                  ^ source.schemata
#                   ^^^^^ source.schemata entity.name.type.schemata
#                        ^^^ source.schemata
#                           ^^^^^^^ source.schemata entity.name.type.schemata
>  #6 sync(catalog.Batch): Receipt  put "/sync"
#^^ source.schemata
#  ^^ source.schemata constant.numeric.ordinal.schemata
#    ^ source.schemata
#     ^^^^ source.schemata entity.name.function.schemata
#         ^^^^^^^^^ source.schemata
#                  ^^^^^ source.schemata entity.name.type.schemata
#                       ^^^ source.schemata
#                          ^^^^^^^ source.schemata entity.name.type.schemata
#                                 ^^ source.schemata
#                                   ^^^ source.schemata keyword.other.verb.schemata
#                                      ^ source.schemata
#                                       ^^^^^^^ source.schemata string.quoted.double.schemata
>  reserved #7, "archive"
#^^ source.schemata
#  ^^^^^^^^ source.schemata keyword.control.schemata
#          ^ source.schemata
#           ^^ source.schemata constant.numeric.ordinal.schemata
#             ^^ source.schemata
#               ^ source.schemata string.quoted.double.schemata
#                ^^^^^^^ source.schemata string.quoted.double.schemata
#                       ^ source.schemata string.quoted.double.schemata
>}
#^ source.schemata
>
>record After { #1 delete: bool }
#^^^^^^ source.schemata keyword.declaration.schemata
#      ^ source.schemata
#       ^^^^^ source.schemata entity.name.type.schemata
#            ^^^ source.schemata
#               ^^ source.schemata constant.numeric.ordinal.schemata
#                 ^ source.schemata
#                  ^^^^^^ source.schemata variable.other.member.schemata
#                        ^ source.schemata punctuation.separator.schemata
#                         ^ source.schemata
#                          ^^^^ source.schemata support.type.builtin.schemata
#                              ^^^ source.schemata
>